MPLINK 4.49, Linker
Linker Map File - Created Wed Oct 13 20:12:05 2021

                                 Section Info
                  Section       Type    Address   Location Size(Bytes)
                ---------  ---------  ---------  ---------  ---------
                   .org_0       code   0x000000    program   0x000002
                   .cinit    romdata   0x000001    program   0x000004
                   .org_1       code   0x000004    program   0x000c64
                   .org_2       code   0x000800    program   0x000200
                   .org_3       code   0x000900    program   0x000200
  .config_2007_WEGA_876.O       code   0x002007    program   0x000002
                   .org_4       code   0x002100    program   0x000016
                   .org_5       code   0x0021f0    program   0x000014
                      MB0      udata   0x000020       data   0x00004c
                      MB1      udata   0x000070       data   0x00000f
                      MB2      udata   0x0000a0       data   0x000012



                              Program Memory Usage 
                               Start         End      
                           ---------   ---------      
                            0x000000    0x000002      
                            0x000004    0x000635      
                            0x000800    0x0009ff      
                            0x002007    0x002007      
                            0x002100    0x00210a      
                            0x0021f0    0x0021f9      
            2123 out of 8454 program addresses used, program memory utilization is 25%



                              Symbols - Sorted by Name
                     Name    Address   Location    Storage File                     
                ---------  ---------  ---------  --------- ---------                
                     ACCL   0x0005e0    program     static D:\DOC\Project\WEGA\WEGA_OLD\calc.asm
                 ACCL_END   0x000561    program     static D:\DOC\Project\WEGA\WEGA_OLD\calc.asm
                    ACLEE   0x000558    program     static D:\DOC\Project\WEGA\WEGA_OLD\calc.asm
                    ADC01   0x000207    program     static D:\DOC\Project\WEGA\WEGA_OLD\WEGA_876.asm
                    ADC02   0x000229    program     static D:\DOC\Project\WEGA\WEGA_OLD\WEGA_876.asm
                    ADC03   0x000237    program     static D:\DOC\Project\WEGA\WEGA_OLD\WEGA_876.asm
                     ADC1   0x0001b2    program     static D:\DOC\Project\WEGA\WEGA_OLD\WEGA_876.asm
                     ADC2   0x0001b9    program     static D:\DOC\Project\WEGA\WEGA_OLD\WEGA_876.asm
                     ADC3   0x0001c0    program     static D:\DOC\Project\WEGA\WEGA_OLD\WEGA_876.asm
                     ADC4   0x0001c7    program     static D:\DOC\Project\WEGA\WEGA_OLD\WEGA_876.asm
                     ADC5   0x0001d0    program     static D:\DOC\Project\WEGA\WEGA_OLD\WEGA_876.asm
               ADC_SELECT   0x0001aa    program     static D:\DOC\Project\WEGA\WEGA_OLD\WEGA_876.asm
                     CALC   0x0004f8    program     static D:\DOC\Project\WEGA\WEGA_OLD\calc.asm
                  CLR_IAC   0x000215    program     static D:\DOC\Project\WEGA\WEGA_OLD\WEGA_876.asm
                   CLR_TX   0x0001f0    program     static D:\DOC\Project\WEGA\WEGA_OLD\WEGA_876.asm
                CLWWHTDEL   0x000467    program     static D:\DOC\Project\WEGA\WEGA_OLD\rhh.asm
              CLWWHTDELWR   0x00048e    program     static D:\DOC\Project\WEGA\WEGA_OLD\rhh.asm
                 COLT_ERR   0x000286    program     static D:\DOC\Project\WEGA\WEGA_OLD\WEGA_876.asm
                 COLT_MID   0x00051a    program     static D:\DOC\Project\WEGA\WEGA_OLD\calc.asm
                COLT_MID2   0x00050b    program     static D:\DOC\Project\WEGA\WEGA_OLD\calc.asm
                COLT_MID3   0x00052b    program     static D:\DOC\Project\WEGA\WEGA_OLD\calc.asm
                COMP_EVNT   0x00014b    program     static D:\DOC\Project\WEGA\WEGA_OLD\WEGA_876.asm
                     CORR   0x0000d0    program     static D:\DOC\Project\WEGA\WEGA_OLD\WEGA_876.asm
                 CORR_LAG   0x0000df    program     static D:\DOC\Project\WEGA\WEGA_OLD\WEGA_876.asm
                 CORR_RCO   0x0000df    program     static D:\DOC\Project\WEGA\WEGA_OLD\WEGA_876.asm
                     Corr   0x0005e6    program     static D:\DOC\Project\WEGA\WEGA_OLD\calc.asm
                      DEL   0x0001e2    program     static D:\DOC\Project\WEGA\WEGA_OLD\WEGA_876.asm
                     DEL1   0x0001dd    program     static D:\DOC\Project\WEGA\WEGA_OLD\WEGA_876.asm
                    DELAY   0x0001da    program     static D:\DOC\Project\WEGA\WEGA_OLD\WEGA_876.asm
                  DELEY20   0x0001e7    program     static D:\DOC\Project\WEGA\WEGA_OLD\WEGA_876.asm
                 DELT_DEL   0x0004bb    program     static D:\DOC\Project\WEGA\WEGA_OLD\rhh.asm
              DELT_DEL_UP   0x0004c8    program     static D:\DOC\Project\WEGA\WEGA_OLD\rhh.asm
                 DEL_LOOP   0x0004c3    program     static D:\DOC\Project\WEGA\WEGA_OLD\rhh.asm
              DEL_LOOP_UP   0x0004d0    program     static D:\DOC\Project\WEGA\WEGA_OLD\rhh.asm
                DEMFEROUT   0x00043c    program     static D:\DOC\Project\WEGA\WEGA_OLD\rhh.asm
                   D_ACCL   0x00055c    program     static D:\DOC\Project\WEGA\WEGA_OLD\calc.asm
                 Div24_16   0x00032d    program     static D:\DOC\Project\WEGA\WEGA_OLD\DIV24x16.asm
                     ECON   0x000591    program     static D:\DOC\Project\WEGA\WEGA_OLD\calc.asm
                   EE_ADR   0x00030f    program     static D:\DOC\Project\WEGA\WEGA_OLD\WEGA_876.asm
                  EE_READ   0x000315    program     static D:\DOC\Project\WEGA\WEGA_OLD\WEGA_876.asm
                 EE_WRITE   0x00031e    program     static D:\DOC\Project\WEGA\WEGA_OLD\WEGA_876.asm
                  EMR_OFF   0x000590    program     static D:\DOC\Project\WEGA\WEGA_OLD\calc.asm
                  ERR_BOR   0x0001ea    program     static D:\DOC\Project\WEGA\WEGA_OLD\WEGA_876.asm
                      EXT   0x0005f3    program     static D:\DOC\Project\WEGA\WEGA_OLD\calc.asm
                     EXT2   0x0005f2    program     static D:\DOC\Project\WEGA\WEGA_OLD\calc.asm
                    EngSC   0x000800    program     static D:\DOC\Project\WEGA\WEGA_OLD\VE.asm
                   EqlOut   0x0005c4    program     static D:\DOC\Project\WEGA\WEGA_OLD\calc.asm
                   FinDiv   0x0003a6    program     static D:\DOC\Project\WEGA\WEGA_OLD\DIV24x16.asm
                   FinSub   0x000368    program     static D:\DOC\Project\WEGA\WEGA_OLD\DIV24x16.asm
                  Fin_Mul   0x000618    program     static D:\DOC\Project\WEGA\WEGA_OLD\MUL16x8.asm
                     GC_1   0x00028a    program     static D:\DOC\Project\WEGA\WEGA_OLD\WEGA_876.asm
                   GETLAG   0x0002b4    program     static D:\DOC\Project\WEGA\WEGA_OLD\WEGA_876.asm
                GET_ACCEL   0x000541    program     static D:\DOC\Project\WEGA\WEGA_OLD\calc.asm
                 GET_COLT   0x00025a    program     static D:\DOC\Project\WEGA\WEGA_OLD\WEGA_876.asm
                  GET_DAD   0x000218    program     static D:\DOC\Project\WEGA\WEGA_OLD\WEGA_876.asm
                  GO_BOOT   0x000000    program     static D:\DOC\Project\WEGA\WEGA_OLD\WEGA_876.asm
                  GO_INIT   0x000000    program     static D:\DOC\Project\WEGA\WEGA_OLD\WEGA_876.asm
                   GO_MAP   0x000539    program     static D:\DOC\Project\WEGA\WEGA_OLD\calc.asm
                   HCNSET   0x000199    program     static D:\DOC\Project\WEGA\WEGA_OLD\WEGA_876.asm
                    HVOLT   0x000305    program     static D:\DOC\Project\WEGA\WEGA_OLD\WEGA_876.asm
                     INIT   0x00001e    program     static D:\DOC\Project\WEGA\WEGA_OLD\WEGA_876.asm
                  INJ_CLS   0x000172    program     static D:\DOC\Project\WEGA\WEGA_OLD\WEGA_876.asm
                 INJ_HOLD   0x000155    program     static D:\DOC\Project\WEGA\WEGA_OLD\WEGA_876.asm
                 INJ_LOAD   0x00015d    program     static D:\DOC\Project\WEGA\WEGA_OLD\WEGA_876.asm
                   Int_AD   0x0001fe    program     static D:\DOC\Project\WEGA\WEGA_OLD\WEGA_876.asm
                   Int_RX   0x000257    program     static D:\DOC\Project\WEGA\WEGA_OLD\WEGA_876.asm
                      LAG   0x00028f    program     static D:\DOC\Project\WEGA\WEGA_OLD\WEGA_876.asm
                    LVOLT   0x00030a    program     static D:\DOC\Project\WEGA\WEGA_OLD\WEGA_876.asm
                     Lamb   0x000900    program     static D:\DOC\Project\WEGA\WEGA_OLD\lambda.asm
                   Ln_Int   0x0005a7    program     static D:\DOC\Project\WEGA\WEGA_OLD\calc.asm
                     MAIN   0x00009b    program     static D:\DOC\Project\WEGA\WEGA_OLD\WEGA_876.asm
                  MH_main   0x0021f0    program     static D:\DOC\Project\WEGA\WEGA_OLD\WEGA_876.asm
                 MH_min_m   0x0021f6    program     static D:\DOC\Project\WEGA\WEGA_OLD\WEGA_876.asm
                 MH_min_r   0x0021f8    program     static D:\DOC\Project\WEGA\WEGA_OLD\WEGA_876.asm
                   MH_res   0x0021f3    program     static D:\DOC\Project\WEGA\WEGA_OLD\WEGA_876.asm
                  MTR_OFF   0x000120    program     static D:\DOC\Project\WEGA\WEGA_OLD\WEGA_876.asm
                   MTR_ON   0x00011d    program     static D:\DOC\Project\WEGA\WEGA_OLD\WEGA_876.asm
                  MUL16_8   0x0005f8    program     static D:\DOC\Project\WEGA\WEGA_OLD\MUL16x8.asm
                     MUL8   0x0003d8    program     static D:\DOC\Project\WEGA\WEGA_OLD\MUL8x8.asm
                  MUL_ENR   0x000587    program     static D:\DOC\Project\WEGA\WEGA_OLD\calc.asm
                   M_CALC   0x0004d5    program     static D:\DOC\Project\WEGA\WEGA_OLD\calc.asm
                    M_SPD   0x0000e0    program     static D:\DOC\Project\WEGA\WEGA_OLD\WEGA_876.asm
                     Ml_1   0x000609    program     static D:\DOC\Project\WEGA\WEGA_OLD\MUL16x8.asm
                     Ml_2   0x00060e    program     static D:\DOC\Project\WEGA\WEGA_OLD\MUL16x8.asm
                     Ml_3   0x0005ff    program     static D:\DOC\Project\WEGA\WEGA_OLD\MUL16x8.asm
                     Ml_4   0x000613    program     static D:\DOC\Project\WEGA\WEGA_OLD\MUL16x8.asm
                     Ml_5   0x000610    program     static D:\DOC\Project\WEGA\WEGA_OLD\MUL16x8.asm
                     NEXT   0x0000aa    program     static D:\DOC\Project\WEGA\WEGA_OLD\WEGA_876.asm
                   NTX11V   0x0002d7    program     static D:\DOC\Project\WEGA\WEGA_OLD\WEGA_876.asm
                       NX   0x0000a7    program     static D:\DOC\Project\WEGA\WEGA_OLD\WEGA_876.asm
                      NX2   0x0000ac    program     static D:\DOC\Project\WEGA\WEGA_OLD\WEGA_876.asm
                    O2SET   0x000250    program     static D:\DOC\Project\WEGA\WEGA_OLD\WEGA_876.asm
                  O2S_OFF   0x000254    program     static D:\DOC\Project\WEGA\WEGA_OLD\WEGA_876.asm
                     O2Zr   0x00024e    program     static D:\DOC\Project\WEGA\WEGA_OLD\WEGA_876.asm
                   PWR086   0x0002c5    program     static D:\DOC\Project\WEGA\WEGA_OLD\WEGA_876.asm
                   PWR102   0x0002ce    program     static D:\DOC\Project\WEGA\WEGA_OLD\WEGA_876.asm
                   PWR118   0x0002d9    program     static D:\DOC\Project\WEGA\WEGA_OLD\WEGA_876.asm
                   PWR134   0x0002e2    program     static D:\DOC\Project\WEGA\WEGA_OLD\WEGA_876.asm
                 PWR_CALC   0x0002eb    program     static D:\DOC\Project\WEGA\WEGA_OLD\WEGA_876.asm
                 READ_STR   0x0001f6    program     static D:\DOC\Project\WEGA\WEGA_OLD\WEGA_876.asm
                READ_STR2   0x0001fa    program     static D:\DOC\Project\WEGA\WEGA_OLD\WEGA_876.asm
                      RET   0x000017    program     static D:\DOC\Project\WEGA\WEGA_OLD\WEGA_876.asm
                  Read_RX   0x000259    program     static D:\DOC\Project\WEGA\WEGA_OLD\WEGA_876.asm
                      SEL   0x0001d7    program     static D:\DOC\Project\WEGA\WEGA_OLD\WEGA_876.asm
                   SETPOR   0x000037    program     static D:\DOC\Project\WEGA\WEGA_OLD\WEGA_876.asm
                   SETSTP   0x000420    program     static D:\DOC\Project\WEGA\WEGA_OLD\rhh.asm
              SET_ADC_TPS   0x0001d4    program     static D:\DOC\Project\WEGA\WEGA_OLD\WEGA_876.asm
                  SET_MAN   0x00041e    program     static D:\DOC\Project\WEGA\WEGA_OLD\rhh.asm
                 SET_STEP   0x000417    program     static D:\DOC\Project\WEGA\WEGA_OLD\rhh.asm
                    SPARK   0x000123    program     static D:\DOC\Project\WEGA\WEGA_OLD\WEGA_876.asm
                    SPD_E   0x00056a    program     static D:\DOC\Project\WEGA\WEGA_OLD\calc.asm
                SPD_INTPL   0x0000f9    program     static D:\DOC\Project\WEGA\WEGA_OLD\WEGA_876.asm
                 SPD_NULL   0x00011f    program     static D:\DOC\Project\WEGA\WEGA_OLD\WEGA_876.asm
                     STAB   0x000426    program     static D:\DOC\Project\WEGA\WEGA_OLD\rhh.asm
                    STABH   0x000454    program     static D:\DOC\Project\WEGA\WEGA_OLD\rhh.asm
                  STABHWR   0x00047b    program     static D:\DOC\Project\WEGA\WEGA_OLD\rhh.asm
                STABILIZE   0x000442    program     static D:\DOC\Project\WEGA\WEGA_OLD\rhh.asm
                  STABOPN   0x000452    program     static D:\DOC\Project\WEGA\WEGA_OLD\rhh.asm
                 STABSTAT   0x000435    program     static D:\DOC\Project\WEGA\WEGA_OLD\rhh.asm
                    STDA0   0x0004b5    program     static D:\DOC\Project\WEGA\WEGA_OLD\rhh.asm
                    STDB0   0x0004b3    program     static D:\DOC\Project\WEGA\WEGA_OLD\rhh.asm
                   STDB20   0x0004b9    program     static D:\DOC\Project\WEGA\WEGA_OLD\rhh.asm
                     STPD   0x0004a4    program     static D:\DOC\Project\WEGA\WEGA_OLD\rhh.asm
                  STPDOWN   0x0004ad    program     static D:\DOC\Project\WEGA\WEGA_OLD\rhh.asm
                     STPI   0x0003ff    program     static D:\DOC\Project\WEGA\WEGA_OLD\rhh.asm
                  STPINIT   0x0003fd    program     static D:\DOC\Project\WEGA\WEGA_OLD\rhh.asm
                    STPUP   0x000490    program     static D:\DOC\Project\WEGA\WEGA_OLD\rhh.asm
                    STUA0   0x00049e    program     static D:\DOC\Project\WEGA\WEGA_OLD\rhh.asm
                    STUB0   0x00049c    program     static D:\DOC\Project\WEGA\WEGA_OLD\rhh.asm
                   STUB20   0x0004a2    program     static D:\DOC\Project\WEGA\WEGA_OLD\rhh.asm
                   ST_INI   0x000407    program     static D:\DOC\Project\WEGA\WEGA_OLD\rhh.asm
                   Sreslt   0x0005c0    program     static D:\DOC\Project\WEGA\WEGA_OLD\calc.asm
                 StartDiv   0x000362    program     static D:\DOC\Project\WEGA\WEGA_OLD\DIV24x16.asm
                      Sub   0x0003bf    program     static D:\DOC\Project\WEGA\WEGA_OLD\DIV24x16.asm
                     Sub_   0x00061d    program     static D:\DOC\Project\WEGA\WEGA_OLD\MUL16x8.asm
                    Subnd   0x00062c    program     static D:\DOC\Project\WEGA\WEGA_OLD\MUL16x8.asm
                    TMRM2   0x000181    program     static D:\DOC\Project\WEGA\WEGA_OLD\WEGA_876.asm
                    TMRM3   0x000187    program     static D:\DOC\Project\WEGA\WEGA_OLD\WEGA_876.asm
                   TMROUT   0x0001a7    program     static D:\DOC\Project\WEGA\WEGA_OLD\WEGA_876.asm
                   TMR_EV   0x00017b    program     static D:\DOC\Project\WEGA\WEGA_OLD\WEGA_876.asm
                   TMR_EX   0x000187    program     static D:\DOC\Project\WEGA\WEGA_OLD\WEGA_876.asm
                   TMR_OF   0x000169    program     static D:\DOC\Project\WEGA\WEGA_OLD\WEGA_876.asm
                    TR_EN   0x00057f    program     static D:\DOC\Project\WEGA\WEGA_OLD\calc.asm
                       TX   0x0000bf    program     static D:\DOC\Project\WEGA\WEGA_OLD\WEGA_876.asm
                 WRT_CNTR   0x0000ce    program     static D:\DOC\Project\WEGA\WEGA_OLD\WEGA_876.asm
                      WST   0x000469    program     static D:\DOC\Project\WEGA\WEGA_OLD\rhh.asm
                    WTGO1   0x000091    program     static D:\DOC\Project\WEGA\WEGA_OLD\WEGA_876.asm
                 Warm_Enr   0x0005d4    program     static D:\DOC\Project\WEGA\WEGA_OLD\calc.asm
             _.org_1_00EF   0x0000ef    program     static D:\DOC\Project\WEGA\WEGA_OLD\WEGA_876.asm
             _.org_1_00FF   0x0000ff    program     static D:\DOC\Project\WEGA\WEGA_OLD\WEGA_876.asm
             _.org_1_018A   0x00018a    program     static D:\DOC\Project\WEGA\WEGA_OLD\WEGA_876.asm
             _.org_1_018D   0x00018d    program     static D:\DOC\Project\WEGA\WEGA_OLD\WEGA_876.asm
             _.org_1_0220   0x000220    program     static D:\DOC\Project\WEGA\WEGA_OLD\WEGA_876.asm
             _.org_1_0289   0x000289    program     static D:\DOC\Project\WEGA\WEGA_OLD\WEGA_876.asm
             _.org_1_029C   0x00029c    program     static D:\DOC\Project\WEGA\WEGA_OLD\WEGA_876.asm
             _.org_1_04BD   0x0004bd    program     static D:\DOC\Project\WEGA\WEGA_OLD\rhh.asm
             _.org_1_04CA   0x0004ca    program     static D:\DOC\Project\WEGA\WEGA_OLD\rhh.asm
             _.org_1_04DC   0x0004dc    program     static D:\DOC\Project\WEGA\WEGA_OLD\calc.asm
             _.org_1_0553   0x000553    program     static D:\DOC\Project\WEGA\WEGA_OLD\calc.asm
             _.org_1_0555   0x000555    program     static D:\DOC\Project\WEGA\WEGA_OLD\calc.asm
             _.org_1_0563   0x000563    program     static D:\DOC\Project\WEGA\WEGA_OLD\calc.asm
             _.org_1_0597   0x000597    program     static D:\DOC\Project\WEGA\WEGA_OLD\calc.asm
             _.org_1_05B4   0x0005b4    program     static D:\DOC\Project\WEGA\WEGA_OLD\calc.asm
             _.org_1_05E4   0x0005e4    program     static D:\DOC\Project\WEGA\WEGA_OLD\calc.asm
                   add2nd   0x00036f    program     static D:\DOC\Project\WEGA\WEGA_OLD\DIV24x16.asm
                   chknxt   0x00033f    program     static D:\DOC\Project\WEGA\WEGA_OLD\DIV24x16.asm
                  chknxt1   0x000353    program     static D:\DOC\Project\WEGA\WEGA_OLD\DIV24x16.asm
                  chknxt2   0x00035c    program     static D:\DOC\Project\WEGA\WEGA_OLD\DIV24x16.asm
                      cxv   0x0003b3    program     static D:\DOC\Project\WEGA\WEGA_OLD\DIV24x16.asm
                     dilt   0x0001e4    program     static D:\DOC\Project\WEGA\WEGA_OLD\WEGA_876.asm
                 dsgfadsg   0x0003b8    program     static D:\DOC\Project\WEGA\WEGA_OLD\DIV24x16.asm
                      ffr   0x000380    program     static D:\DOC\Project\WEGA\WEGA_OLD\DIV24x16.asm
                  jjddsak   0x0003a4    program     static D:\DOC\Project\WEGA\WEGA_OLD\DIV24x16.asm
                     jpqm   0x000374    program     static D:\DOC\Project\WEGA\WEGA_OLD\DIV24x16.asm
                   nnhjuq   0x00037e    program     static D:\DOC\Project\WEGA\WEGA_OLD\DIV24x16.asm
                     nnhq   0x0003a1    program     static D:\DOC\Project\WEGA\WEGA_OLD\DIV24x16.asm
                   notFin   0x000386    program     static D:\DOC\Project\WEGA\WEGA_OLD\DIV24x16.asm
                    sbagn   0x000362    program     static D:\DOC\Project\WEGA\WEGA_OLD\DIV24x16.asm
                   sub2nd   0x0003ce    program     static D:\DOC\Project\WEGA\WEGA_OLD\DIV24x16.asm
                ADC_POWER   0x0000aa       data     static D:\DOC\Project\WEGA\WEGA_OLD\Variable.asm
                  ADC_SEL   0x000070       data     static D:\DOC\Project\WEGA\WEGA_OLD\Variable.asm
                       AF   0x000020       data     static D:\DOC\Project\WEGA\WEGA_OLD\Variable.asm
                   BT_CNT   0x000021       data     static D:\DOC\Project\WEGA\WEGA_OLD\Variable.asm
                  BUF_IND   0x00006a       data     static D:\DOC\Project\WEGA\WEGA_OLD\Variable.asm
               CHK_SUM_RX   0x000046       data     static D:\DOC\Project\WEGA\WEGA_OLD\Variable.asm
               CHK_SUM_TX   0x000045       data     static D:\DOC\Project\WEGA\WEGA_OLD\Variable.asm
                     COLT   0x000028       data     static D:\DOC\Project\WEGA\WEGA_OLD\Variable.asm
                      Cnt   0x00004c       data     static D:\DOC\Project\WEGA\WEGA_OLD\Variable.asm
                     Cnt2   0x000054       data     static D:\DOC\Project\WEGA\WEGA_OLD\Variable.asm
                   CntDiv   0x00005e       data     static D:\DOC\Project\WEGA\WEGA_OLD\Variable.asm
                    ColtF   0x000027       data     static D:\DOC\Project\WEGA\WEGA_OLD\Variable.asm
                    D_TPS   0x00003d       data     static D:\DOC\Project\WEGA\WEGA_OLD\Variable.asm
                   D_TPS1   0x000079       data     static D:\DOC\Project\WEGA\WEGA_OLD\Variable.asm
                    DivHi   0x000056       data     static D:\DOC\Project\WEGA\WEGA_OLD\Variable.asm
                    DivLo   0x000055       data     static D:\DOC\Project\WEGA\WEGA_OLD\Variable.asm
                   ENR_12   0x00003e       data     static D:\DOC\Project\WEGA\WEGA_OLD\Variable.asm
                      ERR   0x000025       data     static D:\DOC\Project\WEGA\WEGA_OLD\Variable.asm
                     FLAG   0x000071       data     static D:\DOC\Project\WEGA\WEGA_OLD\Variable.asm
                    FLAG2   0x000072       data     static D:\DOC\Project\WEGA\WEGA_OLD\Variable.asm
                Flag_Math   0x000065       data     static D:\DOC\Project\WEGA\WEGA_OLD\Variable.asm
                   H_byte   0x000068       data     static D:\DOC\Project\WEGA\WEGA_OLD\Variable.asm
                 IAC_INIT   0x000073       data     static D:\DOC\Project\WEGA\WEGA_OLD\Variable.asm
                INJ_LAG_H   0x000031       data     static D:\DOC\Project\WEGA\WEGA_OLD\Variable.asm
                INJ_LAG_L   0x000030       data     static D:\DOC\Project\WEGA\WEGA_OLD\Variable.asm
                   L_byte   0x000069       data     static D:\DOC\Project\WEGA\WEGA_OLD\Variable.asm
                 MAN_CORR   0x000042       data     static D:\DOC\Project\WEGA\WEGA_OLD\Variable.asm
                      MAP   0x000029       data     static D:\DOC\Project\WEGA\WEGA_OLD\Variable.asm
                     MCKh   0x000037       data     static D:\DOC\Project\WEGA\WEGA_OLD\Variable.asm
                     MCKl   0x000036       data     static D:\DOC\Project\WEGA\WEGA_OLD\Variable.asm
               MINUTE_CNT   0x0000ae       data     static D:\DOC\Project\WEGA\WEGA_OLD\Variable.asm
                     MULc   0x000066       data     static D:\DOC\Project\WEGA\WEGA_OLD\Variable.asm
                     MULp   0x000067       data     static D:\DOC\Project\WEGA\WEGA_OLD\Variable.asm
                   Mul1Hi   0x000052       data     static D:\DOC\Project\WEGA\WEGA_OLD\Variable.asm
                   Mul1Lo   0x000051       data     static D:\DOC\Project\WEGA\WEGA_OLD\Variable.asm
                     Mul2   0x00005d       data     static D:\DOC\Project\WEGA\WEGA_OLD\Variable.asm
                   Mul2Hi   0x000058       data     static D:\DOC\Project\WEGA\WEGA_OLD\Variable.asm
                   Mul2Lo   0x000057       data     static D:\DOC\Project\WEGA\WEGA_OLD\Variable.asm
                      O2S   0x00002b       data     static D:\DOC\Project\WEGA\WEGA_OLD\Variable.asm
              PCLATH_TEMP   0x00007d       data     static D:\DOC\Project\WEGA\WEGA_OLD\Variable.asm
                     PMPC   0x000048       data     static D:\DOC\Project\WEGA\WEGA_OLD\Variable.asm
                    POWER   0x00002c       data     static D:\DOC\Project\WEGA\WEGA_OLD\Variable.asm
                  PWR_BUF   0x0000a5       data     static D:\DOC\Project\WEGA\WEGA_OLD\Variable.asm
              PWR_BUF_IND   0x0000a9       data     static D:\DOC\Project\WEGA\WEGA_OLD\Variable.asm
                     RCOh   0x000035       data     static D:\DOC\Project\WEGA\WEGA_OLD\Variable.asm
                     RCOl   0x000034       data     static D:\DOC\Project\WEGA\WEGA_OLD\Variable.asm
                   RESERV   0x00003f       data     static D:\DOC\Project\WEGA\WEGA_OLD\Variable.asm
                     RQF2   0x00006b       data     static D:\DOC\Project\WEGA\WEGA_OLD\Variable.asm
                  RX_DATA   0x0000ab       data     static D:\DOC\Project\WEGA\WEGA_OLD\Variable.asm
                     Res1   0x00005a       data     static D:\DOC\Project\WEGA\WEGA_OLD\Variable.asm
                     Res2   0x00005b       data     static D:\DOC\Project\WEGA\WEGA_OLD\Variable.asm
                   Res2Hi   0x000059       data     static D:\DOC\Project\WEGA\WEGA_OLD\Variable.asm
                     Res3   0x00005c       data     static D:\DOC\Project\WEGA\WEGA_OLD\Variable.asm
                    ResHi   0x000053       data     static D:\DOC\Project\WEGA\WEGA_OLD\Variable.asm
                     RqFh   0x000033       data     static D:\DOC\Project\WEGA\WEGA_OLD\Variable.asm
                     RqFl   0x000032       data     static D:\DOC\Project\WEGA\WEGA_OLD\Variable.asm
                     SIZE   0x000023       data     static D:\DOC\Project\WEGA\WEGA_OLD\Variable.asm
                      SPD   0x00002d       data     static D:\DOC\Project\WEGA\WEGA_OLD\Variable.asm
                  SPD_BUF   0x0000a1       data     static D:\DOC\Project\WEGA\WEGA_OLD\Variable.asm
              SPD_BUF_IND   0x0000a0       data     static D:\DOC\Project\WEGA\WEGA_OLD\Variable.asm
                  SPD_ENR   0x000043       data     static D:\DOC\Project\WEGA\WEGA_OLD\Variable.asm
                     STAT   0x000024       data     static D:\DOC\Project\WEGA\WEGA_OLD\Variable.asm
              STATUS_TEMP   0x00007c       data     static D:\DOC\Project\WEGA\WEGA_OLD\Variable.asm
                   STPCNT   0x000026       data     static D:\DOC\Project\WEGA\WEGA_OLD\Variable.asm
              STP_CNT_DWN   0x00004a       data     static D:\DOC\Project\WEGA\WEGA_OLD\Variable.asm
               STP_CNT_UP   0x000047       data     static D:\DOC\Project\WEGA\WEGA_OLD\Variable.asm
                STP_SPEED   0x000049       data     static D:\DOC\Project\WEGA\WEGA_OLD\Variable.asm
                     TEMP   0x00007a       data     static D:\DOC\Project\WEGA\WEGA_OLD\Variable.asm
                TEMP_MULT   0x0000af       data     static D:\DOC\Project\WEGA\WEGA_OLD\Variable.asm
                 TIME_DIV   0x0000ac       data     static D:\DOC\Project\WEGA\WEGA_OLD\Variable.asm
                     TMRH   0x000078       data     static D:\DOC\Project\WEGA\WEGA_OLD\Variable.asm
                     TMRL   0x000077       data     static D:\DOC\Project\WEGA\WEGA_OLD\Variable.asm
                      TPS   0x00002a       data     static D:\DOC\Project\WEGA\WEGA_OLD\Variable.asm
                     TPS1   0x00004b       data     static D:\DOC\Project\WEGA\WEGA_OLD\Variable.asm
               TX_DEL_CNT   0x000074       data     static D:\DOC\Project\WEGA\WEGA_OLD\Variable.asm
                  T_INJ_H   0x00002f       data     static D:\DOC\Project\WEGA\WEGA_OLD\Variable.asm
                  T_INJ_L   0x00002e       data     static D:\DOC\Project\WEGA\WEGA_OLD\Variable.asm
                     Temp   0x00005f       data     static D:\DOC\Project\WEGA\WEGA_OLD\Variable.asm
                    Temp1   0x000060       data     static D:\DOC\Project\WEGA\WEGA_OLD\Variable.asm
                    Temp2   0x000061       data     static D:\DOC\Project\WEGA\WEGA_OLD\Variable.asm
                    Temp3   0x000062       data     static D:\DOC\Project\WEGA\WEGA_OLD\Variable.asm
                    Temp4   0x000063       data     static D:\DOC\Project\WEGA\WEGA_OLD\Variable.asm
                    Temp5   0x000064       data     static D:\DOC\Project\WEGA\WEGA_OLD\Variable.asm
                    Temp6   0x00004d       data     static D:\DOC\Project\WEGA\WEGA_OLD\Variable.asm
                    Temp7   0x00004e       data     static D:\DOC\Project\WEGA\WEGA_OLD\Variable.asm
                    Temp8   0x00004f       data     static D:\DOC\Project\WEGA\WEGA_OLD\Variable.asm
                    Temp9   0x000050       data     static D:\DOC\Project\WEGA\WEGA_OLD\Variable.asm
                      UOZ   0x000041       data     static D:\DOC\Project\WEGA\WEGA_OLD\Variable.asm
                  VERSION   0x000022       data     static D:\DOC\Project\WEGA\WEGA_OLD\Variable.asm
                  WARM_20   0x000039       data     static D:\DOC\Project\WEGA\WEGA_OLD\Variable.asm
                  WARM_40   0x00003b       data     static D:\DOC\Project\WEGA\WEGA_OLD\Variable.asm
                  WARM_50   0x00003c       data     static D:\DOC\Project\WEGA\WEGA_OLD\Variable.asm
                  WARM_80   0x000038       data     static D:\DOC\Project\WEGA\WEGA_OLD\Variable.asm
                 WARM_ENR   0x000044       data     static D:\DOC\Project\WEGA\WEGA_OLD\Variable.asm
                   W_TEMP   0x00007e       data     static D:\DOC\Project\WEGA\WEGA_OLD\Variable.asm
                    dil_t   0x000075       data     static D:\DOC\Project\WEGA\WEGA_OLD\Variable.asm
                   dil_t2   0x000076       data     static D:\DOC\Project\WEGA\WEGA_OLD\Variable.asm
                    eSTAT   0x00003a       data     static D:\DOC\Project\WEGA\WEGA_OLD\Variable.asm
                     temp   0x00007b       data     static D:\DOC\Project\WEGA\WEGA_OLD\Variable.asm



                              Symbols - Sorted by Address
                     Name    Address   Location    Storage File                     
                ---------  ---------  ---------  --------- ---------                
                  GO_INIT   0x000000    program     static D:\DOC\Project\WEGA\WEGA_OLD\WEGA_876.asm
                  GO_BOOT   0x000000    program     static D:\DOC\Project\WEGA\WEGA_OLD\WEGA_876.asm
                      RET   0x000017    program     static D:\DOC\Project\WEGA\WEGA_OLD\WEGA_876.asm
                     INIT   0x00001e    program     static D:\DOC\Project\WEGA\WEGA_OLD\WEGA_876.asm
                   SETPOR   0x000037    program     static D:\DOC\Project\WEGA\WEGA_OLD\WEGA_876.asm
                    WTGO1   0x000091    program     static D:\DOC\Project\WEGA\WEGA_OLD\WEGA_876.asm
                     MAIN   0x00009b    program     static D:\DOC\Project\WEGA\WEGA_OLD\WEGA_876.asm
                       NX   0x0000a7    program     static D:\DOC\Project\WEGA\WEGA_OLD\WEGA_876.asm
                     NEXT   0x0000aa    program     static D:\DOC\Project\WEGA\WEGA_OLD\WEGA_876.asm
                      NX2   0x0000ac    program     static D:\DOC\Project\WEGA\WEGA_OLD\WEGA_876.asm
                       TX   0x0000bf    program     static D:\DOC\Project\WEGA\WEGA_OLD\WEGA_876.asm
                 WRT_CNTR   0x0000ce    program     static D:\DOC\Project\WEGA\WEGA_OLD\WEGA_876.asm
                     CORR   0x0000d0    program     static D:\DOC\Project\WEGA\WEGA_OLD\WEGA_876.asm
                 CORR_RCO   0x0000df    program     static D:\DOC\Project\WEGA\WEGA_OLD\WEGA_876.asm
                 CORR_LAG   0x0000df    program     static D:\DOC\Project\WEGA\WEGA_OLD\WEGA_876.asm
                    M_SPD   0x0000e0    program     static D:\DOC\Project\WEGA\WEGA_OLD\WEGA_876.asm
             _.org_1_00EF   0x0000ef    program     static D:\DOC\Project\WEGA\WEGA_OLD\WEGA_876.asm
                SPD_INTPL   0x0000f9    program     static D:\DOC\Project\WEGA\WEGA_OLD\WEGA_876.asm
             _.org_1_00FF   0x0000ff    program     static D:\DOC\Project\WEGA\WEGA_OLD\WEGA_876.asm
                   MTR_ON   0x00011d    program     static D:\DOC\Project\WEGA\WEGA_OLD\WEGA_876.asm
                 SPD_NULL   0x00011f    program     static D:\DOC\Project\WEGA\WEGA_OLD\WEGA_876.asm
                  MTR_OFF   0x000120    program     static D:\DOC\Project\WEGA\WEGA_OLD\WEGA_876.asm
                    SPARK   0x000123    program     static D:\DOC\Project\WEGA\WEGA_OLD\WEGA_876.asm
                COMP_EVNT   0x00014b    program     static D:\DOC\Project\WEGA\WEGA_OLD\WEGA_876.asm
                 INJ_HOLD   0x000155    program     static D:\DOC\Project\WEGA\WEGA_OLD\WEGA_876.asm
                 INJ_LOAD   0x00015d    program     static D:\DOC\Project\WEGA\WEGA_OLD\WEGA_876.asm
                   TMR_OF   0x000169    program     static D:\DOC\Project\WEGA\WEGA_OLD\WEGA_876.asm
                  INJ_CLS   0x000172    program     static D:\DOC\Project\WEGA\WEGA_OLD\WEGA_876.asm
                   TMR_EV   0x00017b    program     static D:\DOC\Project\WEGA\WEGA_OLD\WEGA_876.asm
                    TMRM2   0x000181    program     static D:\DOC\Project\WEGA\WEGA_OLD\WEGA_876.asm
                   TMR_EX   0x000187    program     static D:\DOC\Project\WEGA\WEGA_OLD\WEGA_876.asm
                    TMRM3   0x000187    program     static D:\DOC\Project\WEGA\WEGA_OLD\WEGA_876.asm
             _.org_1_018A   0x00018a    program     static D:\DOC\Project\WEGA\WEGA_OLD\WEGA_876.asm
             _.org_1_018D   0x00018d    program     static D:\DOC\Project\WEGA\WEGA_OLD\WEGA_876.asm
                   HCNSET   0x000199    program     static D:\DOC\Project\WEGA\WEGA_OLD\WEGA_876.asm
                   TMROUT   0x0001a7    program     static D:\DOC\Project\WEGA\WEGA_OLD\WEGA_876.asm
               ADC_SELECT   0x0001aa    program     static D:\DOC\Project\WEGA\WEGA_OLD\WEGA_876.asm
                     ADC1   0x0001b2    program     static D:\DOC\Project\WEGA\WEGA_OLD\WEGA_876.asm
                     ADC2   0x0001b9    program     static D:\DOC\Project\WEGA\WEGA_OLD\WEGA_876.asm
                     ADC3   0x0001c0    program     static D:\DOC\Project\WEGA\WEGA_OLD\WEGA_876.asm
                     ADC4   0x0001c7    program     static D:\DOC\Project\WEGA\WEGA_OLD\WEGA_876.asm
                     ADC5   0x0001d0    program     static D:\DOC\Project\WEGA\WEGA_OLD\WEGA_876.asm
              SET_ADC_TPS   0x0001d4    program     static D:\DOC\Project\WEGA\WEGA_OLD\WEGA_876.asm
                      SEL   0x0001d7    program     static D:\DOC\Project\WEGA\WEGA_OLD\WEGA_876.asm
                    DELAY   0x0001da    program     static D:\DOC\Project\WEGA\WEGA_OLD\WEGA_876.asm
                     DEL1   0x0001dd    program     static D:\DOC\Project\WEGA\WEGA_OLD\WEGA_876.asm
                      DEL   0x0001e2    program     static D:\DOC\Project\WEGA\WEGA_OLD\WEGA_876.asm
                     dilt   0x0001e4    program     static D:\DOC\Project\WEGA\WEGA_OLD\WEGA_876.asm
                  DELEY20   0x0001e7    program     static D:\DOC\Project\WEGA\WEGA_OLD\WEGA_876.asm
                  ERR_BOR   0x0001ea    program     static D:\DOC\Project\WEGA\WEGA_OLD\WEGA_876.asm
                   CLR_TX   0x0001f0    program     static D:\DOC\Project\WEGA\WEGA_OLD\WEGA_876.asm
                 READ_STR   0x0001f6    program     static D:\DOC\Project\WEGA\WEGA_OLD\WEGA_876.asm
                READ_STR2   0x0001fa    program     static D:\DOC\Project\WEGA\WEGA_OLD\WEGA_876.asm
                   Int_AD   0x0001fe    program     static D:\DOC\Project\WEGA\WEGA_OLD\WEGA_876.asm
                    ADC01   0x000207    program     static D:\DOC\Project\WEGA\WEGA_OLD\WEGA_876.asm
                  CLR_IAC   0x000215    program     static D:\DOC\Project\WEGA\WEGA_OLD\WEGA_876.asm
                  GET_DAD   0x000218    program     static D:\DOC\Project\WEGA\WEGA_OLD\WEGA_876.asm
             _.org_1_0220   0x000220    program     static D:\DOC\Project\WEGA\WEGA_OLD\WEGA_876.asm
                    ADC02   0x000229    program     static D:\DOC\Project\WEGA\WEGA_OLD\WEGA_876.asm
                    ADC03   0x000237    program     static D:\DOC\Project\WEGA\WEGA_OLD\WEGA_876.asm
                     O2Zr   0x00024e    program     static D:\DOC\Project\WEGA\WEGA_OLD\WEGA_876.asm
                    O2SET   0x000250    program     static D:\DOC\Project\WEGA\WEGA_OLD\WEGA_876.asm
                  O2S_OFF   0x000254    program     static D:\DOC\Project\WEGA\WEGA_OLD\WEGA_876.asm
                   Int_RX   0x000257    program     static D:\DOC\Project\WEGA\WEGA_OLD\WEGA_876.asm
                  Read_RX   0x000259    program     static D:\DOC\Project\WEGA\WEGA_OLD\WEGA_876.asm
                 GET_COLT   0x00025a    program     static D:\DOC\Project\WEGA\WEGA_OLD\WEGA_876.asm
                 COLT_ERR   0x000286    program     static D:\DOC\Project\WEGA\WEGA_OLD\WEGA_876.asm
             _.org_1_0289   0x000289    program     static D:\DOC\Project\WEGA\WEGA_OLD\WEGA_876.asm
                     GC_1   0x00028a    program     static D:\DOC\Project\WEGA\WEGA_OLD\WEGA_876.asm
                      LAG   0x00028f    program     static D:\DOC\Project\WEGA\WEGA_OLD\WEGA_876.asm
             _.org_1_029C   0x00029c    program     static D:\DOC\Project\WEGA\WEGA_OLD\WEGA_876.asm
                   GETLAG   0x0002b4    program     static D:\DOC\Project\WEGA\WEGA_OLD\WEGA_876.asm
                   PWR086   0x0002c5    program     static D:\DOC\Project\WEGA\WEGA_OLD\WEGA_876.asm
                   PWR102   0x0002ce    program     static D:\DOC\Project\WEGA\WEGA_OLD\WEGA_876.asm
                   NTX11V   0x0002d7    program     static D:\DOC\Project\WEGA\WEGA_OLD\WEGA_876.asm
                   PWR118   0x0002d9    program     static D:\DOC\Project\WEGA\WEGA_OLD\WEGA_876.asm
                   PWR134   0x0002e2    program     static D:\DOC\Project\WEGA\WEGA_OLD\WEGA_876.asm
                 PWR_CALC   0x0002eb    program     static D:\DOC\Project\WEGA\WEGA_OLD\WEGA_876.asm
                    HVOLT   0x000305    program     static D:\DOC\Project\WEGA\WEGA_OLD\WEGA_876.asm
                    LVOLT   0x00030a    program     static D:\DOC\Project\WEGA\WEGA_OLD\WEGA_876.asm
                   EE_ADR   0x00030f    program     static D:\DOC\Project\WEGA\WEGA_OLD\WEGA_876.asm
                  EE_READ   0x000315    program     static D:\DOC\Project\WEGA\WEGA_OLD\WEGA_876.asm
                 EE_WRITE   0x00031e    program     static D:\DOC\Project\WEGA\WEGA_OLD\WEGA_876.asm
                 Div24_16   0x00032d    program     static D:\DOC\Project\WEGA\WEGA_OLD\DIV24x16.asm
                   chknxt   0x00033f    program     static D:\DOC\Project\WEGA\WEGA_OLD\DIV24x16.asm
                  chknxt1   0x000353    program     static D:\DOC\Project\WEGA\WEGA_OLD\DIV24x16.asm
                  chknxt2   0x00035c    program     static D:\DOC\Project\WEGA\WEGA_OLD\DIV24x16.asm
                 StartDiv   0x000362    program     static D:\DOC\Project\WEGA\WEGA_OLD\DIV24x16.asm
                    sbagn   0x000362    program     static D:\DOC\Project\WEGA\WEGA_OLD\DIV24x16.asm
                   FinSub   0x000368    program     static D:\DOC\Project\WEGA\WEGA_OLD\DIV24x16.asm
                   add2nd   0x00036f    program     static D:\DOC\Project\WEGA\WEGA_OLD\DIV24x16.asm
                     jpqm   0x000374    program     static D:\DOC\Project\WEGA\WEGA_OLD\DIV24x16.asm
                   nnhjuq   0x00037e    program     static D:\DOC\Project\WEGA\WEGA_OLD\DIV24x16.asm
                      ffr   0x000380    program     static D:\DOC\Project\WEGA\WEGA_OLD\DIV24x16.asm
                   notFin   0x000386    program     static D:\DOC\Project\WEGA\WEGA_OLD\DIV24x16.asm
                     nnhq   0x0003a1    program     static D:\DOC\Project\WEGA\WEGA_OLD\DIV24x16.asm
                  jjddsak   0x0003a4    program     static D:\DOC\Project\WEGA\WEGA_OLD\DIV24x16.asm
                   FinDiv   0x0003a6    program     static D:\DOC\Project\WEGA\WEGA_OLD\DIV24x16.asm
                      cxv   0x0003b3    program     static D:\DOC\Project\WEGA\WEGA_OLD\DIV24x16.asm
                 dsgfadsg   0x0003b8    program     static D:\DOC\Project\WEGA\WEGA_OLD\DIV24x16.asm
                      Sub   0x0003bf    program     static D:\DOC\Project\WEGA\WEGA_OLD\DIV24x16.asm
                   sub2nd   0x0003ce    program     static D:\DOC\Project\WEGA\WEGA_OLD\DIV24x16.asm
                     MUL8   0x0003d8    program     static D:\DOC\Project\WEGA\WEGA_OLD\MUL8x8.asm
                  STPINIT   0x0003fd    program     static D:\DOC\Project\WEGA\WEGA_OLD\rhh.asm
                     STPI   0x0003ff    program     static D:\DOC\Project\WEGA\WEGA_OLD\rhh.asm
                   ST_INI   0x000407    program     static D:\DOC\Project\WEGA\WEGA_OLD\rhh.asm
                 SET_STEP   0x000417    program     static D:\DOC\Project\WEGA\WEGA_OLD\rhh.asm
                  SET_MAN   0x00041e    program     static D:\DOC\Project\WEGA\WEGA_OLD\rhh.asm
                   SETSTP   0x000420    program     static D:\DOC\Project\WEGA\WEGA_OLD\rhh.asm
                     STAB   0x000426    program     static D:\DOC\Project\WEGA\WEGA_OLD\rhh.asm
                 STABSTAT   0x000435    program     static D:\DOC\Project\WEGA\WEGA_OLD\rhh.asm
                DEMFEROUT   0x00043c    program     static D:\DOC\Project\WEGA\WEGA_OLD\rhh.asm
                STABILIZE   0x000442    program     static D:\DOC\Project\WEGA\WEGA_OLD\rhh.asm
                  STABOPN   0x000452    program     static D:\DOC\Project\WEGA\WEGA_OLD\rhh.asm
                    STABH   0x000454    program     static D:\DOC\Project\WEGA\WEGA_OLD\rhh.asm
                CLWWHTDEL   0x000467    program     static D:\DOC\Project\WEGA\WEGA_OLD\rhh.asm
                      WST   0x000469    program     static D:\DOC\Project\WEGA\WEGA_OLD\rhh.asm
                  STABHWR   0x00047b    program     static D:\DOC\Project\WEGA\WEGA_OLD\rhh.asm
              CLWWHTDELWR   0x00048e    program     static D:\DOC\Project\WEGA\WEGA_OLD\rhh.asm
                    STPUP   0x000490    program     static D:\DOC\Project\WEGA\WEGA_OLD\rhh.asm
                    STUB0   0x00049c    program     static D:\DOC\Project\WEGA\WEGA_OLD\rhh.asm
                    STUA0   0x00049e    program     static D:\DOC\Project\WEGA\WEGA_OLD\rhh.asm
                   STUB20   0x0004a2    program     static D:\DOC\Project\WEGA\WEGA_OLD\rhh.asm
                     STPD   0x0004a4    program     static D:\DOC\Project\WEGA\WEGA_OLD\rhh.asm
                  STPDOWN   0x0004ad    program     static D:\DOC\Project\WEGA\WEGA_OLD\rhh.asm
                    STDB0   0x0004b3    program     static D:\DOC\Project\WEGA\WEGA_OLD\rhh.asm
                    STDA0   0x0004b5    program     static D:\DOC\Project\WEGA\WEGA_OLD\rhh.asm
                   STDB20   0x0004b9    program     static D:\DOC\Project\WEGA\WEGA_OLD\rhh.asm
                 DELT_DEL   0x0004bb    program     static D:\DOC\Project\WEGA\WEGA_OLD\rhh.asm
             _.org_1_04BD   0x0004bd    program     static D:\DOC\Project\WEGA\WEGA_OLD\rhh.asm
                 DEL_LOOP   0x0004c3    program     static D:\DOC\Project\WEGA\WEGA_OLD\rhh.asm
              DELT_DEL_UP   0x0004c8    program     static D:\DOC\Project\WEGA\WEGA_OLD\rhh.asm
             _.org_1_04CA   0x0004ca    program     static D:\DOC\Project\WEGA\WEGA_OLD\rhh.asm
              DEL_LOOP_UP   0x0004d0    program     static D:\DOC\Project\WEGA\WEGA_OLD\rhh.asm
                   M_CALC   0x0004d5    program     static D:\DOC\Project\WEGA\WEGA_OLD\calc.asm
             _.org_1_04DC   0x0004dc    program     static D:\DOC\Project\WEGA\WEGA_OLD\calc.asm
                     CALC   0x0004f8    program     static D:\DOC\Project\WEGA\WEGA_OLD\calc.asm
                COLT_MID2   0x00050b    program     static D:\DOC\Project\WEGA\WEGA_OLD\calc.asm
                 COLT_MID   0x00051a    program     static D:\DOC\Project\WEGA\WEGA_OLD\calc.asm
                COLT_MID3   0x00052b    program     static D:\DOC\Project\WEGA\WEGA_OLD\calc.asm
                   GO_MAP   0x000539    program     static D:\DOC\Project\WEGA\WEGA_OLD\calc.asm
                GET_ACCEL   0x000541    program     static D:\DOC\Project\WEGA\WEGA_OLD\calc.asm
             _.org_1_0553   0x000553    program     static D:\DOC\Project\WEGA\WEGA_OLD\calc.asm
             _.org_1_0555   0x000555    program     static D:\DOC\Project\WEGA\WEGA_OLD\calc.asm
                    ACLEE   0x000558    program     static D:\DOC\Project\WEGA\WEGA_OLD\calc.asm
                   D_ACCL   0x00055c    program     static D:\DOC\Project\WEGA\WEGA_OLD\calc.asm
                 ACCL_END   0x000561    program     static D:\DOC\Project\WEGA\WEGA_OLD\calc.asm
             _.org_1_0563   0x000563    program     static D:\DOC\Project\WEGA\WEGA_OLD\calc.asm
                    SPD_E   0x00056a    program     static D:\DOC\Project\WEGA\WEGA_OLD\calc.asm
                    TR_EN   0x00057f    program     static D:\DOC\Project\WEGA\WEGA_OLD\calc.asm
                  MUL_ENR   0x000587    program     static D:\DOC\Project\WEGA\WEGA_OLD\calc.asm
                  EMR_OFF   0x000590    program     static D:\DOC\Project\WEGA\WEGA_OLD\calc.asm
                     ECON   0x000591    program     static D:\DOC\Project\WEGA\WEGA_OLD\calc.asm
             _.org_1_0597   0x000597    program     static D:\DOC\Project\WEGA\WEGA_OLD\calc.asm
                   Ln_Int   0x0005a7    program     static D:\DOC\Project\WEGA\WEGA_OLD\calc.asm
             _.org_1_05B4   0x0005b4    program     static D:\DOC\Project\WEGA\WEGA_OLD\calc.asm
                   Sreslt   0x0005c0    program     static D:\DOC\Project\WEGA\WEGA_OLD\calc.asm
                   EqlOut   0x0005c4    program     static D:\DOC\Project\WEGA\WEGA_OLD\calc.asm
                 Warm_Enr   0x0005d4    program     static D:\DOC\Project\WEGA\WEGA_OLD\calc.asm
                     ACCL   0x0005e0    program     static D:\DOC\Project\WEGA\WEGA_OLD\calc.asm
             _.org_1_05E4   0x0005e4    program     static D:\DOC\Project\WEGA\WEGA_OLD\calc.asm
                     Corr   0x0005e6    program     static D:\DOC\Project\WEGA\WEGA_OLD\calc.asm
                     EXT2   0x0005f2    program     static D:\DOC\Project\WEGA\WEGA_OLD\calc.asm
                      EXT   0x0005f3    program     static D:\DOC\Project\WEGA\WEGA_OLD\calc.asm
                  MUL16_8   0x0005f8    program     static D:\DOC\Project\WEGA\WEGA_OLD\MUL16x8.asm
                     Ml_3   0x0005ff    program     static D:\DOC\Project\WEGA\WEGA_OLD\MUL16x8.asm
                     Ml_1   0x000609    program     static D:\DOC\Project\WEGA\WEGA_OLD\MUL16x8.asm
                     Ml_2   0x00060e    program     static D:\DOC\Project\WEGA\WEGA_OLD\MUL16x8.asm
                     Ml_5   0x000610    program     static D:\DOC\Project\WEGA\WEGA_OLD\MUL16x8.asm
                     Ml_4   0x000613    program     static D:\DOC\Project\WEGA\WEGA_OLD\MUL16x8.asm
                  Fin_Mul   0x000618    program     static D:\DOC\Project\WEGA\WEGA_OLD\MUL16x8.asm
                     Sub_   0x00061d    program     static D:\DOC\Project\WEGA\WEGA_OLD\MUL16x8.asm
                    Subnd   0x00062c    program     static D:\DOC\Project\WEGA\WEGA_OLD\MUL16x8.asm
                    EngSC   0x000800    program     static D:\DOC\Project\WEGA\WEGA_OLD\VE.asm
                     Lamb   0x000900    program     static D:\DOC\Project\WEGA\WEGA_OLD\lambda.asm
                  MH_main   0x0021f0    program     static D:\DOC\Project\WEGA\WEGA_OLD\WEGA_876.asm
                   MH_res   0x0021f3    program     static D:\DOC\Project\WEGA\WEGA_OLD\WEGA_876.asm
                 MH_min_m   0x0021f6    program     static D:\DOC\Project\WEGA\WEGA_OLD\WEGA_876.asm
                 MH_min_r   0x0021f8    program     static D:\DOC\Project\WEGA\WEGA_OLD\WEGA_876.asm
                       AF   0x000020       data     static D:\DOC\Project\WEGA\WEGA_OLD\Variable.asm
                   BT_CNT   0x000021       data     static D:\DOC\Project\WEGA\WEGA_OLD\Variable.asm
                  VERSION   0x000022       data     static D:\DOC\Project\WEGA\WEGA_OLD\Variable.asm
                     SIZE   0x000023       data     static D:\DOC\Project\WEGA\WEGA_OLD\Variable.asm
                     STAT   0x000024       data     static D:\DOC\Project\WEGA\WEGA_OLD\Variable.asm
                      ERR   0x000025       data     static D:\DOC\Project\WEGA\WEGA_OLD\Variable.asm
                   STPCNT   0x000026       data     static D:\DOC\Project\WEGA\WEGA_OLD\Variable.asm
                    ColtF   0x000027       data     static D:\DOC\Project\WEGA\WEGA_OLD\Variable.asm
                     COLT   0x000028       data     static D:\DOC\Project\WEGA\WEGA_OLD\Variable.asm
                      MAP   0x000029       data     static D:\DOC\Project\WEGA\WEGA_OLD\Variable.asm
                      TPS   0x00002a       data     static D:\DOC\Project\WEGA\WEGA_OLD\Variable.asm
                      O2S   0x00002b       data     static D:\DOC\Project\WEGA\WEGA_OLD\Variable.asm
                    POWER   0x00002c       data     static D:\DOC\Project\WEGA\WEGA_OLD\Variable.asm
                      SPD   0x00002d       data     static D:\DOC\Project\WEGA\WEGA_OLD\Variable.asm
                  T_INJ_L   0x00002e       data     static D:\DOC\Project\WEGA\WEGA_OLD\Variable.asm
                  T_INJ_H   0x00002f       data     static D:\DOC\Project\WEGA\WEGA_OLD\Variable.asm
                INJ_LAG_L   0x000030       data     static D:\DOC\Project\WEGA\WEGA_OLD\Variable.asm
                INJ_LAG_H   0x000031       data     static D:\DOC\Project\WEGA\WEGA_OLD\Variable.asm
                     RqFl   0x000032       data     static D:\DOC\Project\WEGA\WEGA_OLD\Variable.asm
                     RqFh   0x000033       data     static D:\DOC\Project\WEGA\WEGA_OLD\Variable.asm
                     RCOl   0x000034       data     static D:\DOC\Project\WEGA\WEGA_OLD\Variable.asm
                     RCOh   0x000035       data     static D:\DOC\Project\WEGA\WEGA_OLD\Variable.asm
                     MCKl   0x000036       data     static D:\DOC\Project\WEGA\WEGA_OLD\Variable.asm
                     MCKh   0x000037       data     static D:\DOC\Project\WEGA\WEGA_OLD\Variable.asm
                  WARM_80   0x000038       data     static D:\DOC\Project\WEGA\WEGA_OLD\Variable.asm
                  WARM_20   0x000039       data     static D:\DOC\Project\WEGA\WEGA_OLD\Variable.asm
                    eSTAT   0x00003a       data     static D:\DOC\Project\WEGA\WEGA_OLD\Variable.asm
                  WARM_40   0x00003b       data     static D:\DOC\Project\WEGA\WEGA_OLD\Variable.asm
                  WARM_50   0x00003c       data     static D:\DOC\Project\WEGA\WEGA_OLD\Variable.asm
                    D_TPS   0x00003d       data     static D:\DOC\Project\WEGA\WEGA_OLD\Variable.asm
                   ENR_12   0x00003e       data     static D:\DOC\Project\WEGA\WEGA_OLD\Variable.asm
                   RESERV   0x00003f       data     static D:\DOC\Project\WEGA\WEGA_OLD\Variable.asm
                      UOZ   0x000041       data     static D:\DOC\Project\WEGA\WEGA_OLD\Variable.asm
                 MAN_CORR   0x000042       data     static D:\DOC\Project\WEGA\WEGA_OLD\Variable.asm
                  SPD_ENR   0x000043       data     static D:\DOC\Project\WEGA\WEGA_OLD\Variable.asm
                 WARM_ENR   0x000044       data     static D:\DOC\Project\WEGA\WEGA_OLD\Variable.asm
               CHK_SUM_TX   0x000045       data     static D:\DOC\Project\WEGA\WEGA_OLD\Variable.asm
               CHK_SUM_RX   0x000046       data     static D:\DOC\Project\WEGA\WEGA_OLD\Variable.asm
               STP_CNT_UP   0x000047       data     static D:\DOC\Project\WEGA\WEGA_OLD\Variable.asm
                     PMPC   0x000048       data     static D:\DOC\Project\WEGA\WEGA_OLD\Variable.asm
                STP_SPEED   0x000049       data     static D:\DOC\Project\WEGA\WEGA_OLD\Variable.asm
              STP_CNT_DWN   0x00004a       data     static D:\DOC\Project\WEGA\WEGA_OLD\Variable.asm
                     TPS1   0x00004b       data     static D:\DOC\Project\WEGA\WEGA_OLD\Variable.asm
                      Cnt   0x00004c       data     static D:\DOC\Project\WEGA\WEGA_OLD\Variable.asm
                    Temp6   0x00004d       data     static D:\DOC\Project\WEGA\WEGA_OLD\Variable.asm
                    Temp7   0x00004e       data     static D:\DOC\Project\WEGA\WEGA_OLD\Variable.asm
                    Temp8   0x00004f       data     static D:\DOC\Project\WEGA\WEGA_OLD\Variable.asm
                    Temp9   0x000050       data     static D:\DOC\Project\WEGA\WEGA_OLD\Variable.asm
                   Mul1Lo   0x000051       data     static D:\DOC\Project\WEGA\WEGA_OLD\Variable.asm
                   Mul1Hi   0x000052       data     static D:\DOC\Project\WEGA\WEGA_OLD\Variable.asm
                    ResHi   0x000053       data     static D:\DOC\Project\WEGA\WEGA_OLD\Variable.asm
                     Cnt2   0x000054       data     static D:\DOC\Project\WEGA\WEGA_OLD\Variable.asm
                    DivLo   0x000055       data     static D:\DOC\Project\WEGA\WEGA_OLD\Variable.asm
                    DivHi   0x000056       data     static D:\DOC\Project\WEGA\WEGA_OLD\Variable.asm
                   Mul2Lo   0x000057       data     static D:\DOC\Project\WEGA\WEGA_OLD\Variable.asm
                   Mul2Hi   0x000058       data     static D:\DOC\Project\WEGA\WEGA_OLD\Variable.asm
                   Res2Hi   0x000059       data     static D:\DOC\Project\WEGA\WEGA_OLD\Variable.asm
                     Res1   0x00005a       data     static D:\DOC\Project\WEGA\WEGA_OLD\Variable.asm
                     Res2   0x00005b       data     static D:\DOC\Project\WEGA\WEGA_OLD\Variable.asm
                     Res3   0x00005c       data     static D:\DOC\Project\WEGA\WEGA_OLD\Variable.asm
                     Mul2   0x00005d       data     static D:\DOC\Project\WEGA\WEGA_OLD\Variable.asm
                   CntDiv   0x00005e       data     static D:\DOC\Project\WEGA\WEGA_OLD\Variable.asm
                     Temp   0x00005f       data     static D:\DOC\Project\WEGA\WEGA_OLD\Variable.asm
                    Temp1   0x000060       data     static D:\DOC\Project\WEGA\WEGA_OLD\Variable.asm
                    Temp2   0x000061       data     static D:\DOC\Project\WEGA\WEGA_OLD\Variable.asm
                    Temp3   0x000062       data     static D:\DOC\Project\WEGA\WEGA_OLD\Variable.asm
                    Temp4   0x000063       data     static D:\DOC\Project\WEGA\WEGA_OLD\Variable.asm
                    Temp5   0x000064       data     static D:\DOC\Project\WEGA\WEGA_OLD\Variable.asm
                Flag_Math   0x000065       data     static D:\DOC\Project\WEGA\WEGA_OLD\Variable.asm
                     MULc   0x000066       data     static D:\DOC\Project\WEGA\WEGA_OLD\Variable.asm
                     MULp   0x000067       data     static D:\DOC\Project\WEGA\WEGA_OLD\Variable.asm
                   H_byte   0x000068       data     static D:\DOC\Project\WEGA\WEGA_OLD\Variable.asm
                   L_byte   0x000069       data     static D:\DOC\Project\WEGA\WEGA_OLD\Variable.asm
                  BUF_IND   0x00006a       data     static D:\DOC\Project\WEGA\WEGA_OLD\Variable.asm
                     RQF2   0x00006b       data     static D:\DOC\Project\WEGA\WEGA_OLD\Variable.asm
                  ADC_SEL   0x000070       data     static D:\DOC\Project\WEGA\WEGA_OLD\Variable.asm
                     FLAG   0x000071       data     static D:\DOC\Project\WEGA\WEGA_OLD\Variable.asm
                    FLAG2   0x000072       data     static D:\DOC\Project\WEGA\WEGA_OLD\Variable.asm
                 IAC_INIT   0x000073       data     static D:\DOC\Project\WEGA\WEGA_OLD\Variable.asm
               TX_DEL_CNT   0x000074       data     static D:\DOC\Project\WEGA\WEGA_OLD\Variable.asm
                    dil_t   0x000075       data     static D:\DOC\Project\WEGA\WEGA_OLD\Variable.asm
                   dil_t2   0x000076       data     static D:\DOC\Project\WEGA\WEGA_OLD\Variable.asm
                     TMRL   0x000077       data     static D:\DOC\Project\WEGA\WEGA_OLD\Variable.asm
                     TMRH   0x000078       data     static D:\DOC\Project\WEGA\WEGA_OLD\Variable.asm
                   D_TPS1   0x000079       data     static D:\DOC\Project\WEGA\WEGA_OLD\Variable.asm
                     TEMP   0x00007a       data     static D:\DOC\Project\WEGA\WEGA_OLD\Variable.asm
                     temp   0x00007b       data     static D:\DOC\Project\WEGA\WEGA_OLD\Variable.asm
              STATUS_TEMP   0x00007c       data     static D:\DOC\Project\WEGA\WEGA_OLD\Variable.asm
              PCLATH_TEMP   0x00007d       data     static D:\DOC\Project\WEGA\WEGA_OLD\Variable.asm
                   W_TEMP   0x00007e       data     static D:\DOC\Project\WEGA\WEGA_OLD\Variable.asm
              SPD_BUF_IND   0x0000a0       data     static D:\DOC\Project\WEGA\WEGA_OLD\Variable.asm
                  SPD_BUF   0x0000a1       data     static D:\DOC\Project\WEGA\WEGA_OLD\Variable.asm
                  PWR_BUF   0x0000a5       data     static D:\DOC\Project\WEGA\WEGA_OLD\Variable.asm
              PWR_BUF_IND   0x0000a9       data     static D:\DOC\Project\WEGA\WEGA_OLD\Variable.asm
                ADC_POWER   0x0000aa       data     static D:\DOC\Project\WEGA\WEGA_OLD\Variable.asm
                  RX_DATA   0x0000ab       data     static D:\DOC\Project\WEGA\WEGA_OLD\Variable.asm
                 TIME_DIV   0x0000ac       data     static D:\DOC\Project\WEGA\WEGA_OLD\Variable.asm
               MINUTE_CNT   0x0000ae       data     static D:\DOC\Project\WEGA\WEGA_OLD\Variable.asm
                TEMP_MULT   0x0000af       data     static D:\DOC\Project\WEGA\WEGA_OLD\Variable.asm


