MPLINK 4.49, Linker
Linker Map File - Created Sun Aug 19 14:43:38 2018

                                 Section Info
                  Section       Type    Address   Location Size(Bytes)
                ---------  ---------  ---------  ---------  ---------
                   .org_0       code   0x000000    program   0x000002
                   .cinit    romdata   0x000001    program   0x000004
                   .org_1       code   0x000004    program   0x000a74
                   .org_2       code   0x0005fc    program   0x000208
  .config_2007_WEGA_876.O       code   0x002007    program   0x000002
                   .org_3       code   0x002100    program   0x000016
                   .udata      udata   0x000020       data   0x000010



                              Program Memory Usage 
                               Start         End      
                           ---------   ---------      
                            0x000000    0x000002      
                            0x000004    0x00053d      
                            0x0005fc    0x0006ff      
                            0x002007    0x002007      
                            0x002100    0x00210a      
            1613 out of 8454 program addresses used, program memory utilization is 19%



                              Symbols - Sorted by Name
                     Name    Address   Location    Storage File                     
                ---------  ---------  ---------  --------- ---------                
                     ACCL   0x0004e5    program     static M:\WEGA\WEGA_OLD\calc.asm
                 ACCL_END   0x000467    program     static M:\WEGA\WEGA_OLD\calc.asm
                    ACLEE   0x00045e    program     static M:\WEGA\WEGA_OLD\calc.asm
                     CALC   0x000401    program     static M:\WEGA\WEGA_OLD\calc.asm
                   CLR_TX   0x00017e    program     static M:\WEGA\WEGA_OLD\WEGA_876.asm
                 COLT_ERR   0x0001df    program     static M:\WEGA\WEGA_OLD\WEGA_876.asm
                 COLT_MID   0x000423    program     static M:\WEGA\WEGA_OLD\calc.asm
                COLT_MID2   0x000414    program     static M:\WEGA\WEGA_OLD\calc.asm
                COLT_MID3   0x000434    program     static M:\WEGA\WEGA_OLD\calc.asm
                COMP_EVNT   0x000110    program     static M:\WEGA\WEGA_OLD\WEGA_876.asm
                     CORR   0x0000a7    program     static M:\WEGA\WEGA_OLD\WEGA_876.asm
                      DEL   0x000175    program     static M:\WEGA\WEGA_OLD\WEGA_876.asm
                     DEL1   0x000171    program     static M:\WEGA\WEGA_OLD\WEGA_876.asm
                    DELAY   0x00016f    program     static M:\WEGA\WEGA_OLD\WEGA_876.asm
                 DELT_DEL   0x0003c8    program     static M:\WEGA\WEGA_OLD\rhh.asm 
              DELT_DEL_UP   0x0003d5    program     static M:\WEGA\WEGA_OLD\rhh.asm 
                 DEL_LOOP   0x0003d0    program     static M:\WEGA\WEGA_OLD\rhh.asm 
              DEL_LOOP_UP   0x0003dd    program     static M:\WEGA\WEGA_OLD\rhh.asm 
                   D_ACCL   0x000462    program     static M:\WEGA\WEGA_OLD\calc.asm
                 Div24_16   0x000261    program     static M:\WEGA\WEGA_OLD\DIV24x16.asm
                  EE_READ   0x00024f    program     static M:\WEGA\WEGA_OLD\WEGA_876.asm
                 EE_WRITE   0x000255    program     static M:\WEGA\WEGA_OLD\WEGA_876.asm
                  EMR_OFF   0x000492    program     static M:\WEGA\WEGA_OLD\calc.asm
                   ER_BOR   0x00017a    program     static M:\WEGA\WEGA_OLD\WEGA_876.asm
                      EXT   0x0004fb    program     static M:\WEGA\WEGA_OLD\calc.asm
                     EXT2   0x0004f7    program     static M:\WEGA\WEGA_OLD\calc.asm
                     EXT3   0x000400    program     static M:\WEGA\WEGA_OLD\calc.asm
                    EngSC   0x0005fc    program     static M:\WEGA\WEGA_OLD\VE.asm  
                   FinDiv   0x0002d9    program     static M:\WEGA\WEGA_OLD\DIV24x16.asm
                   FinSub   0x00029b    program     static M:\WEGA\WEGA_OLD\DIV24x16.asm
                  Fin_Mul   0x000520    program     static M:\WEGA\WEGA_OLD\MUL16x8.asm
                     GC_1   0x0001e1    program     static M:\WEGA\WEGA_OLD\WEGA_876.asm
                GET_ACCEL   0x000449    program     static M:\WEGA\WEGA_OLD\calc.asm
                 GET_COLT   0x0001ba    program     static M:\WEGA\WEGA_OLD\WEGA_876.asm
                  GET_DAD   0x00019c    program     static M:\WEGA\WEGA_OLD\WEGA_876.asm
                  GO_BOOT   0x000000    program     static M:\WEGA\WEGA_OLD\WEGA_876.asm
                  GO_INIT   0x000000    program     static M:\WEGA\WEGA_OLD\WEGA_876.asm
                   GO_MAP   0x000442    program     static M:\WEGA\WEGA_OLD\calc.asm
                    HVOLT   0x000245    program     static M:\WEGA\WEGA_OLD\WEGA_876.asm
                      IAC   0x000338    program     static M:\WEGA\WEGA_OLD\rhh.asm 
                     INIT   0x00001e    program     static M:\WEGA\WEGA_OLD\WEGA_876.asm
                  INJ_CLS   0x000132    program     static M:\WEGA\WEGA_OLD\WEGA_876.asm
                 INJ_HOLD   0x00011a    program     static M:\WEGA\WEGA_OLD\WEGA_876.asm
                   Int_AD   0x000182    program     static M:\WEGA\WEGA_OLD\WEGA_876.asm
                   Int_RX   0x0001b4    program     static M:\WEGA\WEGA_OLD\WEGA_876.asm
                      LAG   0x0001e5    program     static M:\WEGA\WEGA_OLD\WEGA_876.asm
                    LVOLT   0x00024a    program     static M:\WEGA\WEGA_OLD\WEGA_876.asm
                   Ln_Int   0x0004b8    program     static M:\WEGA\WEGA_OLD\calc.asm
                     MAIN   0x000085    program     static M:\WEGA\WEGA_OLD\WEGA_876.asm
                  MUL16_8   0x000500    program     static M:\WEGA\WEGA_OLD\MUL16x8.asm
                     MUL8   0x00030b    program     static M:\WEGA\WEGA_OLD\MUL8x8.asm
                  MUL_ENR   0x000489    program     static M:\WEGA\WEGA_OLD\calc.asm
                   M_CALC   0x0003e2    program     static M:\WEGA\WEGA_OLD\calc.asm
                    M_SPD   0x0000b1    program     static M:\WEGA\WEGA_OLD\WEGA_876.asm
                     Ml_1   0x000511    program     static M:\WEGA\WEGA_OLD\MUL16x8.asm
                     Ml_2   0x000516    program     static M:\WEGA\WEGA_OLD\MUL16x8.asm
                     Ml_3   0x000507    program     static M:\WEGA\WEGA_OLD\MUL16x8.asm
                     Ml_4   0x00051b    program     static M:\WEGA\WEGA_OLD\MUL16x8.asm
                     Ml_5   0x000518    program     static M:\WEGA\WEGA_OLD\MUL16x8.asm
                     NEXT   0x000091    program     static M:\WEGA\WEGA_OLD\WEGA_876.asm
                   NTX11V   0x000211    program     static M:\WEGA\WEGA_OLD\WEGA_876.asm
                       NX   0x00008f    program     static M:\WEGA\WEGA_OLD\WEGA_876.asm
                   PWR086   0x0001f7    program     static M:\WEGA\WEGA_OLD\WEGA_876.asm
                   PWR102   0x000204    program     static M:\WEGA\WEGA_OLD\WEGA_876.asm
                   PWR118   0x000213    program     static M:\WEGA\WEGA_OLD\WEGA_876.asm
                   PWR134   0x000220    program     static M:\WEGA\WEGA_OLD\WEGA_876.asm
                 PWR_CALC   0x00022d    program     static M:\WEGA\WEGA_OLD\WEGA_876.asm
                 READ_MAP   0x000493    program     static M:\WEGA\WEGA_OLD\calc.asm
                      RET   0x000017    program     static M:\WEGA\WEGA_OLD\WEGA_876.asm
                      SEL   0x00016b    program     static M:\WEGA\WEGA_OLD\WEGA_876.asm
                   SETSTP   0x00034b    program     static M:\WEGA\WEGA_OLD\rhh.asm 
                  SET_MAN   0x000349    program     static M:\WEGA\WEGA_OLD\rhh.asm 
                    SPARK   0x0000f0    program     static M:\WEGA\WEGA_OLD\WEGA_876.asm
                    SPD_E   0x000470    program     static M:\WEGA\WEGA_OLD\calc.asm
                 SPD_NULL   0x0000ed    program     static M:\WEGA\WEGA_OLD\WEGA_876.asm
                     STAB   0x000351    program     static M:\WEGA\WEGA_OLD\rhh.asm 
                    STDA0   0x0003c2    program     static M:\WEGA\WEGA_OLD\rhh.asm 
                    STDB0   0x0003c0    program     static M:\WEGA\WEGA_OLD\rhh.asm 
                   STDB20   0x0003c6    program     static M:\WEGA\WEGA_OLD\rhh.asm 
                     STPD   0x0003b4    program     static M:\WEGA\WEGA_OLD\rhh.asm 
                  STPDOWN   0x0003ba    program     static M:\WEGA\WEGA_OLD\rhh.asm 
                     STPI   0x000332    program     static M:\WEGA\WEGA_OLD\rhh.asm 
                  STPINIT   0x000330    program     static M:\WEGA\WEGA_OLD\rhh.asm 
                    STPUP   0x00039e    program     static M:\WEGA\WEGA_OLD\rhh.asm 
                    STUA0   0x0003ae    program     static M:\WEGA\WEGA_OLD\rhh.asm 
                    STUB0   0x0003ac    program     static M:\WEGA\WEGA_OLD\rhh.asm 
                   STUB20   0x0003b2    program     static M:\WEGA\WEGA_OLD\rhh.asm 
                   ST_INI   0x000342    program     static M:\WEGA\WEGA_OLD\rhh.asm 
                 StartDiv   0x000296    program     static M:\WEGA\WEGA_OLD\DIV24x16.asm
                      Sub   0x0002f2    program     static M:\WEGA\WEGA_OLD\DIV24x16.asm
                     Sub_   0x000525    program     static M:\WEGA\WEGA_OLD\MUL16x8.asm
                    Subnd   0x000534    program     static M:\WEGA\WEGA_OLD\MUL16x8.asm
                    TMRM2   0x00013a    program     static M:\WEGA\WEGA_OLD\WEGA_876.asm
                   TMR_EV   0x000136    program     static M:\WEGA\WEGA_OLD\WEGA_876.asm
                   TMR_EX   0x00016d    program     static M:\WEGA\WEGA_OLD\WEGA_876.asm
                   TMR_OF   0x00012d    program     static M:\WEGA\WEGA_OLD\WEGA_876.asm
                    TR_EN   0x000481    program     static M:\WEGA\WEGA_OLD\calc.asm
                       TX   0x000098    program     static M:\WEGA\WEGA_OLD\WEGA_876.asm
                      WST   0x00037d    program     static M:\WEGA\WEGA_OLD\rhh.asm 
                 Warm_Enr   0x0004d7    program     static M:\WEGA\WEGA_OLD\calc.asm
             _.org_1_0081   0x000081    program     static M:\WEGA\WEGA_OLD\WEGA_876.asm
             _.org_1_00C0   0x0000c0    program     static M:\WEGA\WEGA_OLD\WEGA_876.asm
             _.org_1_00C7   0x0000c7    program     static M:\WEGA\WEGA_OLD\WEGA_876.asm
             _.org_1_00D2   0x0000d2    program     static M:\WEGA\WEGA_OLD\WEGA_876.asm
             _.org_1_00E8   0x0000e8    program     static M:\WEGA\WEGA_OLD\WEGA_876.asm
             _.org_1_00EA   0x0000ea    program     static M:\WEGA\WEGA_OLD\WEGA_876.asm
             _.org_1_011C   0x00011c    program     static M:\WEGA\WEGA_OLD\WEGA_876.asm
             _.org_1_013B   0x00013b    program     static M:\WEGA\WEGA_OLD\WEGA_876.asm
             _.org_1_0142   0x000142    program     static M:\WEGA\WEGA_OLD\WEGA_876.asm
             _.org_1_0149   0x000149    program     static M:\WEGA\WEGA_OLD\WEGA_876.asm
             _.org_1_0150   0x000150    program     static M:\WEGA\WEGA_OLD\WEGA_876.asm
             _.org_1_0157   0x000157    program     static M:\WEGA\WEGA_OLD\WEGA_876.asm
             _.org_1_0160   0x000160    program     static M:\WEGA\WEGA_OLD\WEGA_876.asm
             _.org_1_0167   0x000167    program     static M:\WEGA\WEGA_OLD\WEGA_876.asm
             _.org_1_0188   0x000188    program     static M:\WEGA\WEGA_OLD\WEGA_876.asm
             _.org_1_0195   0x000195    program     static M:\WEGA\WEGA_OLD\WEGA_876.asm
             _.org_1_0198   0x000198    program     static M:\WEGA\WEGA_OLD\WEGA_876.asm
             _.org_1_019F   0x00019f    program     static M:\WEGA\WEGA_OLD\WEGA_876.asm
             _.org_1_01A6   0x0001a6    program     static M:\WEGA\WEGA_OLD\WEGA_876.asm
             _.org_1_035F   0x00035f    program     static M:\WEGA\WEGA_OLD\rhh.asm 
             _.org_1_0362   0x000362    program     static M:\WEGA\WEGA_OLD\rhh.asm 
             _.org_1_0375   0x000375    program     static M:\WEGA\WEGA_OLD\rhh.asm 
             _.org_1_0380   0x000380    program     static M:\WEGA\WEGA_OLD\rhh.asm 
             _.org_1_0383   0x000383    program     static M:\WEGA\WEGA_OLD\rhh.asm 
             _.org_1_0396   0x000396    program     static M:\WEGA\WEGA_OLD\rhh.asm 
             _.org_1_03CA   0x0003ca    program     static M:\WEGA\WEGA_OLD\rhh.asm 
             _.org_1_03D7   0x0003d7    program     static M:\WEGA\WEGA_OLD\rhh.asm 
             _.org_1_03E7   0x0003e7    program     static M:\WEGA\WEGA_OLD\calc.asm
             _.org_1_0459   0x000459    program     static M:\WEGA\WEGA_OLD\calc.asm
             _.org_1_045B   0x00045b    program     static M:\WEGA\WEGA_OLD\calc.asm
             _.org_1_0469   0x000469    program     static M:\WEGA\WEGA_OLD\calc.asm
             _.org_1_0494   0x000494    program     static M:\WEGA\WEGA_OLD\calc.asm
             _.org_1_0499   0x000499    program     static M:\WEGA\WEGA_OLD\calc.asm
             _.org_1_049F   0x00049f    program     static M:\WEGA\WEGA_OLD\calc.asm
             _.org_1_04A8   0x0004a8    program     static M:\WEGA\WEGA_OLD\calc.asm
             _.org_1_04E6   0x0004e6    program     static M:\WEGA\WEGA_OLD\calc.asm
             _.org_1_04E9   0x0004e9    program     static M:\WEGA\WEGA_OLD\calc.asm
                   add2nd   0x0002a2    program     static M:\WEGA\WEGA_OLD\DIV24x16.asm
                   chknxt   0x000273    program     static M:\WEGA\WEGA_OLD\DIV24x16.asm
                  chknxt1   0x000287    program     static M:\WEGA\WEGA_OLD\DIV24x16.asm
                  chknxt2   0x000290    program     static M:\WEGA\WEGA_OLD\DIV24x16.asm
                      cxv   0x0002e6    program     static M:\WEGA\WEGA_OLD\DIV24x16.asm
                     dilt   0x000177    program     static M:\WEGA\WEGA_OLD\WEGA_876.asm
                 dsgfadsg   0x0002eb    program     static M:\WEGA\WEGA_OLD\DIV24x16.asm
                      ffr   0x0002b3    program     static M:\WEGA\WEGA_OLD\DIV24x16.asm
                  jjddsak   0x0002d7    program     static M:\WEGA\WEGA_OLD\DIV24x16.asm
                     jpqm   0x0002a7    program     static M:\WEGA\WEGA_OLD\DIV24x16.asm
                   nnhjuq   0x0002b1    program     static M:\WEGA\WEGA_OLD\DIV24x16.asm
                     nnhq   0x0002d4    program     static M:\WEGA\WEGA_OLD\DIV24x16.asm
                   notFin   0x0002b9    program     static M:\WEGA\WEGA_OLD\DIV24x16.asm
                    sbagn   0x000296    program     static M:\WEGA\WEGA_OLD\DIV24x16.asm
                   sub2nd   0x000301    program     static M:\WEGA\WEGA_OLD\DIV24x16.asm
                   inddfg   0x000020       data     static M:\WEGA\WEGA_OLD\WEGA_876.asm



                              Symbols - Sorted by Address
                     Name    Address   Location    Storage File                     
                ---------  ---------  ---------  --------- ---------                
                  GO_INIT   0x000000    program     static M:\WEGA\WEGA_OLD\WEGA_876.asm
                  GO_BOOT   0x000000    program     static M:\WEGA\WEGA_OLD\WEGA_876.asm
                      RET   0x000017    program     static M:\WEGA\WEGA_OLD\WEGA_876.asm
                     INIT   0x00001e    program     static M:\WEGA\WEGA_OLD\WEGA_876.asm
             _.org_1_0081   0x000081    program     static M:\WEGA\WEGA_OLD\WEGA_876.asm
                     MAIN   0x000085    program     static M:\WEGA\WEGA_OLD\WEGA_876.asm
                       NX   0x00008f    program     static M:\WEGA\WEGA_OLD\WEGA_876.asm
                     NEXT   0x000091    program     static M:\WEGA\WEGA_OLD\WEGA_876.asm
                       TX   0x000098    program     static M:\WEGA\WEGA_OLD\WEGA_876.asm
                     CORR   0x0000a7    program     static M:\WEGA\WEGA_OLD\WEGA_876.asm
                    M_SPD   0x0000b1    program     static M:\WEGA\WEGA_OLD\WEGA_876.asm
             _.org_1_00C0   0x0000c0    program     static M:\WEGA\WEGA_OLD\WEGA_876.asm
             _.org_1_00C7   0x0000c7    program     static M:\WEGA\WEGA_OLD\WEGA_876.asm
             _.org_1_00D2   0x0000d2    program     static M:\WEGA\WEGA_OLD\WEGA_876.asm
             _.org_1_00E8   0x0000e8    program     static M:\WEGA\WEGA_OLD\WEGA_876.asm
             _.org_1_00EA   0x0000ea    program     static M:\WEGA\WEGA_OLD\WEGA_876.asm
                 SPD_NULL   0x0000ed    program     static M:\WEGA\WEGA_OLD\WEGA_876.asm
                    SPARK   0x0000f0    program     static M:\WEGA\WEGA_OLD\WEGA_876.asm
                COMP_EVNT   0x000110    program     static M:\WEGA\WEGA_OLD\WEGA_876.asm
                 INJ_HOLD   0x00011a    program     static M:\WEGA\WEGA_OLD\WEGA_876.asm
             _.org_1_011C   0x00011c    program     static M:\WEGA\WEGA_OLD\WEGA_876.asm
                   TMR_OF   0x00012d    program     static M:\WEGA\WEGA_OLD\WEGA_876.asm
                  INJ_CLS   0x000132    program     static M:\WEGA\WEGA_OLD\WEGA_876.asm
                   TMR_EV   0x000136    program     static M:\WEGA\WEGA_OLD\WEGA_876.asm
                    TMRM2   0x00013a    program     static M:\WEGA\WEGA_OLD\WEGA_876.asm
             _.org_1_013B   0x00013b    program     static M:\WEGA\WEGA_OLD\WEGA_876.asm
             _.org_1_0142   0x000142    program     static M:\WEGA\WEGA_OLD\WEGA_876.asm
             _.org_1_0149   0x000149    program     static M:\WEGA\WEGA_OLD\WEGA_876.asm
             _.org_1_0150   0x000150    program     static M:\WEGA\WEGA_OLD\WEGA_876.asm
             _.org_1_0157   0x000157    program     static M:\WEGA\WEGA_OLD\WEGA_876.asm
             _.org_1_0160   0x000160    program     static M:\WEGA\WEGA_OLD\WEGA_876.asm
             _.org_1_0167   0x000167    program     static M:\WEGA\WEGA_OLD\WEGA_876.asm
                      SEL   0x00016b    program     static M:\WEGA\WEGA_OLD\WEGA_876.asm
                   TMR_EX   0x00016d    program     static M:\WEGA\WEGA_OLD\WEGA_876.asm
                    DELAY   0x00016f    program     static M:\WEGA\WEGA_OLD\WEGA_876.asm
                     DEL1   0x000171    program     static M:\WEGA\WEGA_OLD\WEGA_876.asm
                      DEL   0x000175    program     static M:\WEGA\WEGA_OLD\WEGA_876.asm
                     dilt   0x000177    program     static M:\WEGA\WEGA_OLD\WEGA_876.asm
                   ER_BOR   0x00017a    program     static M:\WEGA\WEGA_OLD\WEGA_876.asm
                   CLR_TX   0x00017e    program     static M:\WEGA\WEGA_OLD\WEGA_876.asm
                   Int_AD   0x000182    program     static M:\WEGA\WEGA_OLD\WEGA_876.asm
             _.org_1_0188   0x000188    program     static M:\WEGA\WEGA_OLD\WEGA_876.asm
             _.org_1_0195   0x000195    program     static M:\WEGA\WEGA_OLD\WEGA_876.asm
             _.org_1_0198   0x000198    program     static M:\WEGA\WEGA_OLD\WEGA_876.asm
                  GET_DAD   0x00019c    program     static M:\WEGA\WEGA_OLD\WEGA_876.asm
             _.org_1_019F   0x00019f    program     static M:\WEGA\WEGA_OLD\WEGA_876.asm
             _.org_1_01A6   0x0001a6    program     static M:\WEGA\WEGA_OLD\WEGA_876.asm
                   Int_RX   0x0001b4    program     static M:\WEGA\WEGA_OLD\WEGA_876.asm
                 GET_COLT   0x0001ba    program     static M:\WEGA\WEGA_OLD\WEGA_876.asm
                 COLT_ERR   0x0001df    program     static M:\WEGA\WEGA_OLD\WEGA_876.asm
                     GC_1   0x0001e1    program     static M:\WEGA\WEGA_OLD\WEGA_876.asm
                      LAG   0x0001e5    program     static M:\WEGA\WEGA_OLD\WEGA_876.asm
                   PWR086   0x0001f7    program     static M:\WEGA\WEGA_OLD\WEGA_876.asm
                   PWR102   0x000204    program     static M:\WEGA\WEGA_OLD\WEGA_876.asm
                   NTX11V   0x000211    program     static M:\WEGA\WEGA_OLD\WEGA_876.asm
                   PWR118   0x000213    program     static M:\WEGA\WEGA_OLD\WEGA_876.asm
                   PWR134   0x000220    program     static M:\WEGA\WEGA_OLD\WEGA_876.asm
                 PWR_CALC   0x00022d    program     static M:\WEGA\WEGA_OLD\WEGA_876.asm
                    HVOLT   0x000245    program     static M:\WEGA\WEGA_OLD\WEGA_876.asm
                    LVOLT   0x00024a    program     static M:\WEGA\WEGA_OLD\WEGA_876.asm
                  EE_READ   0x00024f    program     static M:\WEGA\WEGA_OLD\WEGA_876.asm
                 EE_WRITE   0x000255    program     static M:\WEGA\WEGA_OLD\WEGA_876.asm
                 Div24_16   0x000261    program     static M:\WEGA\WEGA_OLD\DIV24x16.asm
                   chknxt   0x000273    program     static M:\WEGA\WEGA_OLD\DIV24x16.asm
                  chknxt1   0x000287    program     static M:\WEGA\WEGA_OLD\DIV24x16.asm
                  chknxt2   0x000290    program     static M:\WEGA\WEGA_OLD\DIV24x16.asm
                 StartDiv   0x000296    program     static M:\WEGA\WEGA_OLD\DIV24x16.asm
                    sbagn   0x000296    program     static M:\WEGA\WEGA_OLD\DIV24x16.asm
                   FinSub   0x00029b    program     static M:\WEGA\WEGA_OLD\DIV24x16.asm
                   add2nd   0x0002a2    program     static M:\WEGA\WEGA_OLD\DIV24x16.asm
                     jpqm   0x0002a7    program     static M:\WEGA\WEGA_OLD\DIV24x16.asm
                   nnhjuq   0x0002b1    program     static M:\WEGA\WEGA_OLD\DIV24x16.asm
                      ffr   0x0002b3    program     static M:\WEGA\WEGA_OLD\DIV24x16.asm
                   notFin   0x0002b9    program     static M:\WEGA\WEGA_OLD\DIV24x16.asm
                     nnhq   0x0002d4    program     static M:\WEGA\WEGA_OLD\DIV24x16.asm
                  jjddsak   0x0002d7    program     static M:\WEGA\WEGA_OLD\DIV24x16.asm
                   FinDiv   0x0002d9    program     static M:\WEGA\WEGA_OLD\DIV24x16.asm
                      cxv   0x0002e6    program     static M:\WEGA\WEGA_OLD\DIV24x16.asm
                 dsgfadsg   0x0002eb    program     static M:\WEGA\WEGA_OLD\DIV24x16.asm
                      Sub   0x0002f2    program     static M:\WEGA\WEGA_OLD\DIV24x16.asm
                   sub2nd   0x000301    program     static M:\WEGA\WEGA_OLD\DIV24x16.asm
                     MUL8   0x00030b    program     static M:\WEGA\WEGA_OLD\MUL8x8.asm
                  STPINIT   0x000330    program     static M:\WEGA\WEGA_OLD\rhh.asm 
                     STPI   0x000332    program     static M:\WEGA\WEGA_OLD\rhh.asm 
                      IAC   0x000338    program     static M:\WEGA\WEGA_OLD\rhh.asm 
                   ST_INI   0x000342    program     static M:\WEGA\WEGA_OLD\rhh.asm 
                  SET_MAN   0x000349    program     static M:\WEGA\WEGA_OLD\rhh.asm 
                   SETSTP   0x00034b    program     static M:\WEGA\WEGA_OLD\rhh.asm 
                     STAB   0x000351    program     static M:\WEGA\WEGA_OLD\rhh.asm 
             _.org_1_035F   0x00035f    program     static M:\WEGA\WEGA_OLD\rhh.asm 
             _.org_1_0362   0x000362    program     static M:\WEGA\WEGA_OLD\rhh.asm 
             _.org_1_0375   0x000375    program     static M:\WEGA\WEGA_OLD\rhh.asm 
                      WST   0x00037d    program     static M:\WEGA\WEGA_OLD\rhh.asm 
             _.org_1_0380   0x000380    program     static M:\WEGA\WEGA_OLD\rhh.asm 
             _.org_1_0383   0x000383    program     static M:\WEGA\WEGA_OLD\rhh.asm 
             _.org_1_0396   0x000396    program     static M:\WEGA\WEGA_OLD\rhh.asm 
                    STPUP   0x00039e    program     static M:\WEGA\WEGA_OLD\rhh.asm 
                    STUB0   0x0003ac    program     static M:\WEGA\WEGA_OLD\rhh.asm 
                    STUA0   0x0003ae    program     static M:\WEGA\WEGA_OLD\rhh.asm 
                   STUB20   0x0003b2    program     static M:\WEGA\WEGA_OLD\rhh.asm 
                     STPD   0x0003b4    program     static M:\WEGA\WEGA_OLD\rhh.asm 
                  STPDOWN   0x0003ba    program     static M:\WEGA\WEGA_OLD\rhh.asm 
                    STDB0   0x0003c0    program     static M:\WEGA\WEGA_OLD\rhh.asm 
                    STDA0   0x0003c2    program     static M:\WEGA\WEGA_OLD\rhh.asm 
                   STDB20   0x0003c6    program     static M:\WEGA\WEGA_OLD\rhh.asm 
                 DELT_DEL   0x0003c8    program     static M:\WEGA\WEGA_OLD\rhh.asm 
             _.org_1_03CA   0x0003ca    program     static M:\WEGA\WEGA_OLD\rhh.asm 
                 DEL_LOOP   0x0003d0    program     static M:\WEGA\WEGA_OLD\rhh.asm 
              DELT_DEL_UP   0x0003d5    program     static M:\WEGA\WEGA_OLD\rhh.asm 
             _.org_1_03D7   0x0003d7    program     static M:\WEGA\WEGA_OLD\rhh.asm 
              DEL_LOOP_UP   0x0003dd    program     static M:\WEGA\WEGA_OLD\rhh.asm 
                   M_CALC   0x0003e2    program     static M:\WEGA\WEGA_OLD\calc.asm
             _.org_1_03E7   0x0003e7    program     static M:\WEGA\WEGA_OLD\calc.asm
                     EXT3   0x000400    program     static M:\WEGA\WEGA_OLD\calc.asm
                     CALC   0x000401    program     static M:\WEGA\WEGA_OLD\calc.asm
                COLT_MID2   0x000414    program     static M:\WEGA\WEGA_OLD\calc.asm
                 COLT_MID   0x000423    program     static M:\WEGA\WEGA_OLD\calc.asm
                COLT_MID3   0x000434    program     static M:\WEGA\WEGA_OLD\calc.asm
                   GO_MAP   0x000442    program     static M:\WEGA\WEGA_OLD\calc.asm
                GET_ACCEL   0x000449    program     static M:\WEGA\WEGA_OLD\calc.asm
             _.org_1_0459   0x000459    program     static M:\WEGA\WEGA_OLD\calc.asm
             _.org_1_045B   0x00045b    program     static M:\WEGA\WEGA_OLD\calc.asm
                    ACLEE   0x00045e    program     static M:\WEGA\WEGA_OLD\calc.asm
                   D_ACCL   0x000462    program     static M:\WEGA\WEGA_OLD\calc.asm
                 ACCL_END   0x000467    program     static M:\WEGA\WEGA_OLD\calc.asm
             _.org_1_0469   0x000469    program     static M:\WEGA\WEGA_OLD\calc.asm
                    SPD_E   0x000470    program     static M:\WEGA\WEGA_OLD\calc.asm
                    TR_EN   0x000481    program     static M:\WEGA\WEGA_OLD\calc.asm
                  MUL_ENR   0x000489    program     static M:\WEGA\WEGA_OLD\calc.asm
                  EMR_OFF   0x000492    program     static M:\WEGA\WEGA_OLD\calc.asm
                 READ_MAP   0x000493    program     static M:\WEGA\WEGA_OLD\calc.asm
             _.org_1_0494   0x000494    program     static M:\WEGA\WEGA_OLD\calc.asm
             _.org_1_0499   0x000499    program     static M:\WEGA\WEGA_OLD\calc.asm
             _.org_1_049F   0x00049f    program     static M:\WEGA\WEGA_OLD\calc.asm
             _.org_1_04A8   0x0004a8    program     static M:\WEGA\WEGA_OLD\calc.asm
                   Ln_Int   0x0004b8    program     static M:\WEGA\WEGA_OLD\calc.asm
                 Warm_Enr   0x0004d7    program     static M:\WEGA\WEGA_OLD\calc.asm
                     ACCL   0x0004e5    program     static M:\WEGA\WEGA_OLD\calc.asm
             _.org_1_04E6   0x0004e6    program     static M:\WEGA\WEGA_OLD\calc.asm
             _.org_1_04E9   0x0004e9    program     static M:\WEGA\WEGA_OLD\calc.asm
                     EXT2   0x0004f7    program     static M:\WEGA\WEGA_OLD\calc.asm
                      EXT   0x0004fb    program     static M:\WEGA\WEGA_OLD\calc.asm
                  MUL16_8   0x000500    program     static M:\WEGA\WEGA_OLD\MUL16x8.asm
                     Ml_3   0x000507    program     static M:\WEGA\WEGA_OLD\MUL16x8.asm
                     Ml_1   0x000511    program     static M:\WEGA\WEGA_OLD\MUL16x8.asm
                     Ml_2   0x000516    program     static M:\WEGA\WEGA_OLD\MUL16x8.asm
                     Ml_5   0x000518    program     static M:\WEGA\WEGA_OLD\MUL16x8.asm
                     Ml_4   0x00051b    program     static M:\WEGA\WEGA_OLD\MUL16x8.asm
                  Fin_Mul   0x000520    program     static M:\WEGA\WEGA_OLD\MUL16x8.asm
                     Sub_   0x000525    program     static M:\WEGA\WEGA_OLD\MUL16x8.asm
                    Subnd   0x000534    program     static M:\WEGA\WEGA_OLD\MUL16x8.asm
                    EngSC   0x0005fc    program     static M:\WEGA\WEGA_OLD\VE.asm  
                   inddfg   0x000020       data     static M:\WEGA\WEGA_OLD\WEGA_876.asm


